###############################################################################
#
# IAR ELF Linker V7.20.2.7424/W32 for ARM                 25/Oct/2015  00:13:24
# Copyright 2007-2014 IAR Systems AB.
#
#    Output file  =  
#        E:\gitProject\MyeBEST\projectSnake\project\myK10Project\iar\RAM\Exe\myK10Project_K60DZ10.out
#    Map file     =  
#        E:\gitProject\MyeBEST\projectSnake\project\myK10Project\iar\RAM\List\myK10Project_K60DZ10.map
#    Command line =  
#        E:\gitProject\MyeBEST\projectSnake\project\myK10Project\iar\RAM\Obj\alloc.o
#        E:\gitProject\MyeBEST\projectSnake\project\myK10Project\iar\RAM\Obj\assert.o
#        E:\gitProject\MyeBEST\projectSnake\project\myK10Project\iar\RAM\Obj\Card_Config.o
#        E:\gitProject\MyeBEST\projectSnake\project\myK10Project\iar\RAM\Obj\DEV_OLED.o
#        E:\gitProject\MyeBEST\projectSnake\project\myK10Project\iar\RAM\Obj\HW_ADC.o
#        E:\gitProject\MyeBEST\projectSnake\project\myK10Project\iar\RAM\Obj\HW_DMA.o
#        E:\gitProject\MyeBEST\projectSnake\project\myK10Project\iar\RAM\Obj\HW_FTM.o
#        E:\gitProject\MyeBEST\projectSnake\project\myK10Project\iar\RAM\Obj\HW_GPIO.o
#        E:\gitProject\MyeBEST\projectSnake\project\myK10Project\iar\RAM\Obj\HW_MCG.o
#        E:\gitProject\MyeBEST\projectSnake\project\myK10Project\iar\RAM\Obj\HW_PIT.o
#        E:\gitProject\MyeBEST\projectSnake\project\myK10Project\iar\RAM\Obj\HW_UART.o
#        E:\gitProject\MyeBEST\projectSnake\project\myK10Project\iar\RAM\Obj\io.o
#        E:\gitProject\MyeBEST\projectSnake\project\myK10Project\iar\RAM\Obj\myK10Project.o
#        E:\gitProject\MyeBEST\projectSnake\project\myK10Project\iar\RAM\Obj\printf.o
#        E:\gitProject\MyeBEST\projectSnake\project\myK10Project\iar\RAM\Obj\queue.o
#        E:\gitProject\MyeBEST\projectSnake\project\myK10Project\iar\RAM\Obj\relocate.o
#        E:\gitProject\MyeBEST\projectSnake\project\myK10Project\iar\RAM\Obj\startup_K60DZ10.o
#        E:\gitProject\MyeBEST\projectSnake\project\myK10Project\iar\RAM\Obj\stdlib.o
#        E:\gitProject\MyeBEST\projectSnake\project\myK10Project\iar\RAM\Obj\system_MK60.o
#        E:\gitProject\MyeBEST\projectSnake\project\myK10Project\iar\RAM\Obj\uif.o
#        --redirect _Printf=_PrintfFull --redirect _Scanf=_ScanfFull -o
#        E:\gitProject\MyeBEST\projectSnake\project\myK10Project\iar\RAM\Exe\myK10Project_K60DZ10.out
#        --map
#        E:\gitProject\MyeBEST\projectSnake\project\myK10Project\iar\RAM\List\myK10Project_K60DZ10.map
#        --config
#        E:\gitProject\MyeBEST\projectSnake\project\myK10Project\iar\..\..\..\lib\iar_config_files\LPLD_K60DN512_RAM.icf
#        --semihosting --entry __iar_program_start "D:\Program Files (x86)\IAR
#        Systems\Embedded Workbench 7.0\arm\CMSIS\Lib\IAR\iar_cortexM4l_math.a"
#        --vfe
#
###############################################################################

*******************************************************************************
*** RUNTIME MODEL ATTRIBUTES
***

CppFlavor       = *
__SystemLibrary = DLib


*******************************************************************************
*** PLACEMENT SUMMARY
***

"A1":  place at 0x1fff0000 { ro section .intvec };
"A2":  place at 0x1fff0410 { ro section .noinit };
"P1":  place in [from 0x1fff0000 to 0x20010000] { ro, block CodeRelocate };
"P2":  place in [from 0x1fff0000 to 0x20010000] {
          rw, block CodeRelocateRam, block CSTACK, block HEAP };

  Section              Kind        Address    Size  Object
  -------              ----        -------    ----  ------
"A1":                                        0x400
  .intvec              ro code  0x1fff0000   0x400  startup_K60DZ10.o [1]
                              - 0x1fff0400   0x400

"P1", part 1 of 2:                             0x0
  .rodata              const    0x1fff0400     0x0  zero_init3.o [4]

"A2":                                         0x14
  .noinit              ro code  0x1fff0410    0x10  startup_K60DZ10.o [1]
  .noinit              ro code  0x1fff0420     0x4  startup_K60DZ10.o [1]
                              - 0x1fff0424    0x14

"P1", part 2 of 2:                          0x1d24
  .text                ro code  0x1fff0424   0x718  HW_UART.o [1]
  .text                ro code  0x1fff0b3c   0x614  system_MK60.o [1]
  .text                ro code  0x1fff1150    0xa0  relocate.o [1]
  .text                ro code  0x1fff11f0   0x1a0  HW_MCG.o [1]
  .text                ro code  0x1fff1390    0x56  ABImemcpy_unaligned.o [4]
  .text                ro code  0x1fff13e6    0x22  zero_init3.o [4]
  .text                ro code  0x1fff1408   0x4e4  printf.o [1]
  .text                ro code  0x1fff18ec    0x1c  stdlib.o [1]
  .text                ro code  0x1fff1908   0x168  HW_DMA.o [1]
  .text                ro code  0x1fff1a70    0x74  HW_GPIO.o [1]
  .text                ro code  0x1fff1ae4    0x6c  HW_PIT.o [1]
  CodeRelocate                  0x1fff1b50    0x4c  <Block>
    Initializer bytes  ro data  0x1fff1b50    0x4c  <for CodeRelocateRam-1>
  .rodata              const    0x1fff1b9c    0x48  system_MK60.o [1]
  .rodata              const    0x1fff1be4    0x44  system_MK60.o [1]
  .rodata              const    0x1fff1c28    0x44  system_MK60.o [1]
  .rodata              const    0x1fff1c6c    0x30  system_MK60.o [1]
  .rodata              const    0x1fff1c9c    0x30  system_MK60.o [1]
  .rodata              const    0x1fff1ccc    0x28  system_MK60.o [1]
  .text                ro code  0x1fff1cf4    0x28  data_init.o [4]
  .rodata              const    0x1fff1d1c    0x24  system_MK60.o [1]
  .rodata              const    0x1fff1d40    0x24  system_MK60.o [1]
  .text                ro code  0x1fff1d64    0x24  HW_FTM.o [1]
  .iar.init_table      const    0x1fff1d88    0x10  - Linker created -
  .rodata              const    0x1fff1d98    0x20  system_MK60.o [1]
  .rodata              const    0x1fff1db8    0x20  system_MK60.o [1]
  .rodata              const    0x1fff1dd8    0x20  system_MK60.o [1]
  .rodata              const    0x1fff1df8    0x20  system_MK60.o [1]
  .rodata              const    0x1fff1e18    0x1c  system_MK60.o [1]
  .rodata              const    0x1fff1e34    0x1c  system_MK60.o [1]
  .rodata              const    0x1fff1e50    0x1c  system_MK60.o [1]
  .text                ro code  0x1fff1e6c    0x1c  HW_ADC.o [1]
  .text                ro code  0x1fff1e88    0x1a  cmain.o [4]
  .text                ro code  0x1fff1ea2     0x4  low_level_init.o [3]
  .text                ro code  0x1fff1ea6     0x2  myK10Project.o [1]
  .text                ro code  0x1fff1ea8     0x4  exit.o [3]
  .text                ro code  0x1fff1eac     0xa  cexit.o [4]
  .text                ro code  0x1fff1eb8    0x14  exit.o [5]
  .rodata              const    0x1fff1ecc    0x18  system_MK60.o [1]
  .rodata              const    0x1fff1ee4    0x18  system_MK60.o [1]
  .rodata              const    0x1fff1efc    0x18  system_MK60.o [1]
  .rodata              const    0x1fff1f14    0x18  system_MK60.o [1]
  .rodata              const    0x1fff1f2c    0x18  system_MK60.o [1]
  .rodata              const    0x1fff1f44    0x18  system_MK60.o [1]
  .rodata              const    0x1fff1f5c    0x18  system_MK60.o [1]
  .rodata              const    0x1fff1f74    0x18  system_MK60.o [1]
  .rodata              const    0x1fff1f8c    0x18  system_MK60.o [1]
  .rodata              const    0x1fff1fa4    0x18  system_MK60.o [1]
  .rodata              const    0x1fff1fbc    0x14  system_MK60.o [1]
  .rodata              const    0x1fff1fd0    0x14  system_MK60.o [1]
  .rodata              const    0x1fff1fe4    0x14  system_MK60.o [1]
  .rodata              const    0x1fff1ff8    0x14  system_MK60.o [1]
  .rodata              const    0x1fff200c    0x14  system_MK60.o [1]
  .rodata              const    0x1fff2020    0x14  system_MK60.o [1]
  .text                ro code  0x1fff2034    0x14  io.o [1]
  .data_init                    0x1fff2048    0x14  <Block>
    Initializer bytes  ro data  0x1fff2048    0x14  <for .data-1>
  .rodata              const    0x1fff205c    0x10  system_MK60.o [1]
  .rodata              const    0x1fff206c    0x10  system_MK60.o [1]
  .rodata              const    0x1fff207c    0x10  system_MK60.o [1]
  .rodata              const    0x1fff208c     0xc  system_MK60.o [1]
  .rodata              const    0x1fff2098     0xc  system_MK60.o [1]
  .text                ro code  0x1fff20a4     0xc  cstartup_M.o [4]
  .rodata              const    0x1fff20b0     0x8  system_MK60.o [1]
  .rodata              const    0x1fff20b8     0x8  system_MK60.o [1]
  .rodata              const    0x1fff20c0     0x8  system_MK60.o [1]
  .rodata              const    0x1fff20c8     0x8  system_MK60.o [1]
  .rodata              const    0x1fff20d0     0x8  system_MK60.o [1]
  .rodata              const    0x1fff20d8     0x8  system_MK60.o [1]
  .rodata              const    0x1fff20e0     0x8  system_MK60.o [1]
  .rodata              const    0x1fff20e8     0x8  system_MK60.o [1]
  .rodata              const    0x1fff20f0     0x8  system_MK60.o [1]
  .rodata              const    0x1fff20f8     0x8  system_MK60.o [1]
  .rodata              const    0x1fff2100     0x8  system_MK60.o [1]
  .rodata              const    0x1fff2108     0x8  system_MK60.o [1]
  .rodata              const    0x1fff2110     0x8  system_MK60.o [1]
  .rodata              const    0x1fff2118     0x8  system_MK60.o [1]
  .rodata              const    0x1fff2120     0x8  system_MK60.o [1]
  .rodata              const    0x1fff2128     0x8  system_MK60.o [1]
  .rodata              const    0x1fff2130     0x8  system_MK60.o [1]
  .rodata              const    0x1fff2138     0x8  system_MK60.o [1]
  .rodata              const    0x1fff2140     0x8  system_MK60.o [1]
                              - 0x1fff2148  0x1d24

"P2":                                        0x508
  CodeRelocateRam               0x1fff2148    0x4c  <Block>
    CodeRelocateRam-1           0x1fff2148    0x4c  <Init block>
      .textrw          inited   0x1fff2148    0x4c  HW_MCG.o [1]
  .data                         0x1fff2194    0x14  <Block>
    .data-1                     0x1fff2194    0x14  <Init block>
      .data            inited   0x1fff2194     0x4  HW_MCG.o [1]
      .data            inited   0x1fff2198     0x4  HW_MCG.o [1]
      .data            inited   0x1fff219c     0x4  HW_MCG.o [1]
      .data            inited   0x1fff21a0     0x4  HW_MCG.o [1]
      .data            inited   0x1fff21a4     0x4  system_MK60.o [1]
  .bss                          0x1fff21a8    0xa8  <Block>
    .bss               zero     0x1fff21a8     0x8  HW_ADC.o [1]
    .bss               zero     0x1fff21b0    0x40  HW_DMA.o [1]
    .bss               zero     0x1fff21f0     0xc  HW_FTM.o [1]
    .bss               zero     0x1fff21fc    0x14  HW_GPIO.o [1]
    .bss               zero     0x1fff2210    0x10  HW_PIT.o [1]
    .bss               zero     0x1fff2220    0x18  HW_UART.o [1]
    .bss               zero     0x1fff2238    0x18  HW_UART.o [1]
  CSTACK                        0x1fff2250   0x400  <Block>
    CSTACK             uninit   0x1fff2250   0x400  <Block tail>
                              - 0x1fff2650   0x508


*******************************************************************************
*** INIT TABLE
***

          Address     Size
          -------     ----
Zero (__iar_zero_init3)
    1 destination range, total size 0xa8:
          0x1fff21a8  0xa8



*******************************************************************************
*** MODULE SUMMARY
***

    Module                 ro code  rw code  ro data  rw data
    ------                 -------  -------  -------  -------
E:\gitProject\MyeBEST\projectSnake\project\myK10Project\iar\RAM\Obj: [1]
    HW_ADC.o                    28                          8
    HW_DMA.o                   360                         64
    HW_FTM.o                    36                         12
    HW_GPIO.o                  116                         20
    HW_MCG.o                   416       76       92       16
    HW_PIT.o                   108                         16
    HW_UART.o                1 816                         48
    io.o                        20
    myK10Project.o               2
    printf.o                 1 252
    relocate.o                 160
    startup_K60DZ10.o        1 044
    stdlib.o                    28
    system_MK60.o            1 556             1 216        4
    ---------------------------------------------------------
    Total:                   6 942       76    1 308      188

command line: [2]
    ---------------------------------------------------------
    Total:

dl7M_tln.a: [3]
    exit.o                       4
    low_level_init.o             4
    ---------------------------------------------------------
    Total:                       8

rt7M_tl.a: [4]
    ABImemcpy_unaligned.o       86
    cexit.o                     10
    cmain.o                     26
    cstartup_M.o                12
    data_init.o                 40
    zero_init3.o                34
    ---------------------------------------------------------
    Total:                     208

shb_l.a: [5]
    exit.o                      20
    ---------------------------------------------------------
    Total:                      20

    Gaps                         2
    Linker created                                16    1 024
-------------------------------------------------------------
    Grand Total:             7 180       76    1 324    1 212


*******************************************************************************
*** ENTRY LIST
***

Entry                      Address   Size  Type      Object
-----                      -------   ----  ----      ------
.bss$$Base              0x1fff21a8          --   Gb  - Linker created -
.bss$$Limit             0x1fff2250          --   Gb  - Linker created -
.data$$Base             0x1fff2194          --   Gb  - Linker created -
.data$$Limit            0x1fff21a8          --   Gb  - Linker created -
.data_init$$Base        0x1fff2048          --   Gb  - Linker created -
.data_init$$Limit       0x1fff205c          --   Gb  - Linker created -
?main                   0x1fff1e89         Code  Gb  cmain.o [4]
ADC0_IRQHandler         0x1fff1e6d    0xa  Code  Gb  HW_ADC.o [1]
ADC1_IRQHandler         0x1fff1e77    0xa  Code  Gb  HW_ADC.o [1]
ADC_ISR                 0x1fff21a8    0x8  Data  Gb  HW_ADC.o [1]
CSTACK$$Base            0x1fff2250          --   Gb  - Linker created -
CSTACK$$Limit           0x1fff2650          --   Gb  - Linker created -
CodeRelocate$$Base      0x1fff1b50          --   Gb  - Linker created -
CodeRelocate$$Limit     0x1fff1b9c          --   Gb  - Linker created -
CodeRelocateRam$$Base   0x1fff2148          --   Gb  - Linker created -
CodeRelocateRam$$Limit  0x1fff2194          --   Gb  - Linker created -
DMA0_IRQHandler         0x1fff1909   0x16  Code  Gb  HW_DMA.o [1]
DMA10_IRQHandler        0x1fff19e5   0x16  Code  Gb  HW_DMA.o [1]
DMA11_IRQHandler        0x1fff19fb   0x16  Code  Gb  HW_DMA.o [1]
DMA12_IRQHandler        0x1fff1a11   0x16  Code  Gb  HW_DMA.o [1]
DMA13_IRQHandler        0x1fff1a27   0x16  Code  Gb  HW_DMA.o [1]
DMA14_IRQHandler        0x1fff1a3d   0x16  Code  Gb  HW_DMA.o [1]
DMA15_IRQHandler        0x1fff1a53   0x16  Code  Gb  HW_DMA.o [1]
DMA1_IRQHandler         0x1fff191f   0x16  Code  Gb  HW_DMA.o [1]
DMA2_IRQHandler         0x1fff1935   0x16  Code  Gb  HW_DMA.o [1]
DMA3_IRQHandler         0x1fff194b   0x16  Code  Gb  HW_DMA.o [1]
DMA4_IRQHandler         0x1fff1961   0x16  Code  Gb  HW_DMA.o [1]
DMA5_IRQHandler         0x1fff1977   0x16  Code  Gb  HW_DMA.o [1]
DMA6_IRQHandler         0x1fff198d   0x16  Code  Gb  HW_DMA.o [1]
DMA7_IRQHandler         0x1fff19a3   0x16  Code  Gb  HW_DMA.o [1]
DMA8_IRQHandler         0x1fff19b9   0x16  Code  Gb  HW_DMA.o [1]
DMA9_IRQHandler         0x1fff19cf   0x16  Code  Gb  HW_DMA.o [1]
DMA_ISR                 0x1fff21b0   0x40  Data  Gb  HW_DMA.o [1]
DefaultISR              0x1fff0cb3   0x18  Code  Gb  system_MK60.o [1]
Diagnostic_Reset_Source
                        0x1fff0f69   0x82  Code  Lc  system_MK60.o [1]
FTM0_IRQHandler         0x1fff1d65    0xa  Code  Gb  HW_FTM.o [1]
FTM1_IRQHandler         0x1fff1d6f    0xa  Code  Gb  HW_FTM.o [1]
FTM2_IRQHandler         0x1fff1d79    0xa  Code  Gb  HW_FTM.o [1]
FTM_ISR                 0x1fff21f0    0xc  Data  Gb  HW_FTM.o [1]
GPIO_ISR                0x1fff21fc   0x14  Data  Gb  HW_GPIO.o [1]
HardFault_Handler       0x1fff0ca7    0xc  Code  Gb  system_MK60.o [1]
LPLD_PLL_Setup          0x1fff11f1  0x1a0  Code  Gb  HW_MCG.o [1]
LPLD_Set_SYS_DIV        0x1fff2149   0x4c  Code  Gb  HW_MCG.o [1]
LPLD_UART_Init          0x1fff0425  0x410  Code  Gb  HW_UART.o [1]
LPLD_UART_PutChar       0x1fff0835    0xa  Code  Gb  HW_UART.o [1]
PIT0_IRQHandler         0x1fff1ae5   0x16  Code  Gb  HW_PIT.o [1]
PIT1_IRQHandler         0x1fff1afb   0x16  Code  Gb  HW_PIT.o [1]
PIT2_IRQHandler         0x1fff1b11   0x16  Code  Gb  HW_PIT.o [1]
PIT3_IRQHandler         0x1fff1b27   0x16  Code  Gb  HW_PIT.o [1]
PIT_ISR                 0x1fff2210   0x10  Data  Gb  HW_PIT.o [1]
PORTA_IRQHandler        0x1fff1a71   0x12  Code  Gb  HW_GPIO.o [1]
PORTB_IRQHandler        0x1fff1a83   0x12  Code  Gb  HW_GPIO.o [1]
PORTC_IRQHandler        0x1fff1a95   0x12  Code  Gb  HW_GPIO.o [1]
PORTD_IRQHandler        0x1fff1aa7   0x12  Code  Gb  HW_GPIO.o [1]
PORTE_IRQHandler        0x1fff1ab9   0x12  Code  Gb  HW_GPIO.o [1]
Region$$Table$$Base     0x1fff1d88          --   Gb  - Linker created -
Region$$Table$$Limit    0x1fff1d98          --   Gb  - Linker created -
SystemCoreClock         0x1fff21a4    0x4  Data  Gb  system_MK60.o [1]
SystemCoreClockUpdate   0x1fff0c79   0x2e  Code  Gb  system_MK60.o [1]
SystemInit              0x1fff0b3d  0x13c  Code  Gb  system_MK60.o [1]
UART0_ERR_IRQHandler    0x1fff0b31    0x2  Code  Gb  HW_UART.o [1]
UART0_IRQHandler        0x1fff083f   0x58  Code  Gb  HW_UART.o [1]
UART1_ERR_IRQHandler    0x1fff0b33    0x2  Code  Gb  HW_UART.o [1]
UART1_IRQHandler        0x1fff0897   0x58  Code  Gb  HW_UART.o [1]
UART2_ERR_IRQHandler    0x1fff0b35    0x2  Code  Gb  HW_UART.o [1]
UART2_IRQHandler        0x1fff08ef   0x58  Code  Gb  HW_UART.o [1]
UART3_ERR_IRQHandler    0x1fff0b37    0x2  Code  Gb  HW_UART.o [1]
UART3_IRQHandler        0x1fff0947   0x58  Code  Gb  HW_UART.o [1]
UART4_ERR_IRQHandler    0x1fff0b39    0x2  Code  Gb  HW_UART.o [1]
UART4_IRQHandler        0x1fff099f   0x58  Code  Gb  HW_UART.o [1]
UART5_ERR_IRQHandler    0x1fff0b3b    0x2  Code  Gb  HW_UART.o [1]
UART5_IRQHandler        0x1fff09f7   0x58  Code  Gb  HW_UART.o [1]
UART_R_ISR              0x1fff2220   0x18  Data  Gb  HW_UART.o [1]
UART_T_ISR              0x1fff2238   0x18  Data  Gb  HW_UART.o [1]
__BOOT_STACK_ADDRESS {Abs}
                        0x2000fff8          --   Gb  command line/config [2]
__VECTOR_RAM {Abs}      0x1fff0000          --   Gb  command line/config [2]
__VECTOR_TABLE {Abs}    0x1fff0000          --   Gb  command line/config [2]
__Vectors               0x1fff0000          --   Gb  startup_K60DZ10.o [1]
__Vectors_End           0x1fff0400         Data  Gb  startup_K60DZ10.o [1]
__Vectors_Size {Abs}    0x00000400          --   Gb  startup_K60DZ10.o [1]
__as_entries_start      0xffffffff          --   Gb  command line/config [2]
__as_table_start        0xffffffff          --   Gb  command line/config [2]
__cmain                 0x1fff1e89         Code  Gb  cmain.o [4]
__exit                  0x1fff1eb9   0x14  Code  Gb  exit.o [5]
__iar_data_init3        0x1fff1cf5   0x28  Code  Gb  data_init.o [4]
__iar_program_start     0x1fff20a5         Code  Gb  cstartup_M.o [4]
__iar_unaligned___aeabi_memcpy4
                        0x1fff1391         Code  Gb  ABImemcpy_unaligned.o [4]
__iar_unaligned___aeabi_memcpy8
                        0x1fff1391         Code  Gb  ABImemcpy_unaligned.o [4]
__iar_zero_init3        0x1fff13e7   0x22  Code  Gb  zero_init3.o [4]
__low_level_init        0x1fff1ea3    0x4  Code  Gb  low_level_init.o [3]
__vector_table          0x1fff0000         Data  Gb  startup_K60DZ10.o [1]
__vector_table_0x1c     0x1fff001c         Data  Gb  startup_K60DZ10.o [1]
_call_main              0x1fff1e95         Code  Gb  cmain.o [4]
_exit                   0x1fff1ead         Code  Gb  cexit.o [4]
_main                   0x1fff1e9f         Code  Gb  cmain.o [4]
common_relocate         0x1fff1151   0xa0  Code  Gb  relocate.o [1]
cpu_identify            0x1fff0cd1  0x1f2  Code  Lc  system_MK60.o [1]
exit                    0x1fff1ea9    0x4  Code  Gb  exit.o [3]
flash_identify          0x1fff0ec3   0xa6  Code  Lc  system_MK60.o [1]
g_bus_clock             0x1fff2198    0x4  Data  Gb  HW_MCG.o [1]
g_core_clock            0x1fff2194    0x4  Data  Gb  HW_MCG.o [1]
g_flash_clock           0x1fff219c    0x4  Data  Gb  HW_MCG.o [1]
g_flexbus_clock         0x1fff21a0    0x4  Data  Gb  HW_MCG.o [1]
main                    0x1fff1ea7    0x2  Code  Gb  myK10Project.o [1]
out_char                0x1fff2035    0xe  Code  Gb  io.o [1]
printf                  0x1fff18c9   0x1e  Code  Gb  printf.o [1]
printk                  0x1fff14e1  0x3e8  Code  Gb  printf.o [1]
printk_mknumstr         0x1fff1435   0x70  Code  Lc  printf.o [1]
printk_pad_space        0x1fff14c3   0x1e  Code  Lc  printf.o [1]
printk_pad_zero         0x1fff14a5   0x1e  Code  Lc  printf.o [1]
printk_putc             0x1fff1409   0x2c  Code  Lc  printf.o [1]
strlen                  0x1fff18ed   0x1c  Code  Gb  stdlib.o [1]


[1] = E:\gitProject\MyeBEST\projectSnake\project\myK10Project\iar\RAM\Obj
[2] = command line
[3] = dl7M_tln.a
[4] = rt7M_tl.a
[5] = shb_l.a

  7 180 bytes of readonly  code memory
     76 bytes of readwrite code memory
  1 324 bytes of readonly  data memory
  1 212 bytes of readwrite data memory

Errors: none
Warnings: none
