###############################################################################
#                                                                             #
#                                                       30/Oct/2014  20:23:22 #
# IAR ANSI C/C++ Compiler V6.30.6.23336/W32 EVALUATION for ARM                #
# Copyright 1999-2012 IAR Systems AB.                                         #
#                                                                             #
#    Cpu mode     =  thumb                                                    #
#    Endian       =  little                                                   #
#    Source file  =  E:\´´ÐÂ»î¶¯\ÖÇÄÜ³µ\µÚÊ®½ì\±¾³µ³ÌÐò\1029µ÷ÊÔ°æ\Delay\Dela #
#                    y.c                                                      #
#    Command line =  E:\´´ÐÂ»î¶¯\ÖÇÄÜ³µ\µÚÊ®½ì\±¾³µ³ÌÐò\1029µ÷ÊÔ°æ\Delay\Dela #
#                    y.c -D IAR -lCN E:\´´ÐÂ»î¶¯\ÖÇÄÜ³µ\µÚÊ®½ì\±¾³µ³ÌÐò\1029µ #
#                    ÷ÊÔ°æ\RAM_128K\List\ -lB E:\´´ÐÂ»î¶¯\ÖÇÄÜ³µ\µÚÊ®½ì\±¾³µ³ #
#                    ÌÐò\1029µ÷ÊÔ°æ\RAM_128K\List\ -o                         #
#                    E:\´´ÐÂ»î¶¯\ÖÇÄÜ³µ\µÚÊ®½ì\±¾³µ³ÌÐò\1029µ÷ÊÔ°æ\RAM_128K\O #
#                    bj\ --debug --endian=little --cpu=Cortex-M4 -e           #
#                    --fpu=None --dlib_config "C:\Program Files\IAR           #
#                    Systems\Embedded Workbench 6.0                           #
#                    Evaluation\arm\INC\c\DLib_Config_Normal.h" -I            #
#                    E:\´´ÐÂ»î¶¯\ÖÇÄÜ³µ\µÚÊ®½ì\±¾³µ³ÌÐò\1029µ÷ÊÔ°æ\Library\CP #
#                    U\ -I E:\´´ÐÂ»î¶¯\ÖÇÄÜ³µ\µÚÊ®½ì\±¾³µ³ÌÐò\1029µ÷ÊÔ°æ\Libr #
#                    ary\Drivers\ADC\ -I E:\´´ÐÂ»î¶¯\ÖÇÄÜ³µ\µÚÊ®½ì\±¾³µ³ÌÐò\1 #
#                    029µ÷ÊÔ°æ\Library\Drivers\FTM\ -I                        #
#                    E:\´´ÐÂ»î¶¯\ÖÇÄÜ³µ\µÚÊ®½ì\±¾³µ³ÌÐò\1029µ÷ÊÔ°æ\Library\Dr #
#                    ivers\GPIO\ -I E:\´´ÐÂ»î¶¯\ÖÇÄÜ³µ\µÚÊ®½ì\±¾³µ³ÌÐò\1029µ÷ #
#                    ÊÔ°æ\Library\Drivers\PIT\ -I                             #
#                    E:\´´ÐÂ»î¶¯\ÖÇÄÜ³µ\µÚÊ®½ì\±¾³µ³ÌÐò\1029µ÷ÊÔ°æ\System_Ini #
#                    t\ -I E:\´´ÐÂ»î¶¯\ÖÇÄÜ³µ\µÚÊ®½ì\±¾³µ³ÌÐò\1029µ÷ÊÔ°æ\Sour #
#                    ce\ -I E:\´´ÐÂ»î¶¯\ÖÇÄÜ³µ\µÚÊ®½ì\±¾³µ³ÌÐò\1029µ÷ÊÔ°æ\OLE #
#                    D\ -I E:\´´ÐÂ»î¶¯\ÖÇÄÜ³µ\µÚÊ®½ì\±¾³µ³ÌÐò\1029µ÷ÊÔ°æ\SD_S #
#                    ystem\ -I E:\´´ÐÂ»î¶¯\ÖÇÄÜ³µ\µÚÊ®½ì\±¾³µ³ÌÐò\1029µ÷ÊÔ°æ\ #
#                    Simple_AD\ -I E:\´´ÐÂ»î¶¯\ÖÇÄÜ³µ\µÚÊ®½ì\±¾³µ³ÌÐò\1029µ÷Ê #
#                    Ô°æ\Delay\ -I E:\´´ÐÂ»î¶¯\ÖÇÄÜ³µ\µÚÊ®½ì\±¾³µ³ÌÐò\1029µ÷Ê #
#                    Ô°æ\Make_Desicion\ -Oh                                   #
#    List file    =  E:\´´ÐÂ»î¶¯\ÖÇÄÜ³µ\µÚÊ®½ì\±¾³µ³ÌÐò\1029µ÷ÊÔ°æ\RAM_128K\L #
#                    ist\Delay.lst                                            #
#    Object file  =  E:\´´ÐÂ»î¶¯\ÖÇÄÜ³µ\µÚÊ®½ì\±¾³µ³ÌÐò\1029µ÷ÊÔ°æ\RAM_128K\O #
#                    bj\Delay.o                                               #
#                                                                             #
#                                                                             #
###############################################################################

E:\´´ÐÂ»î¶¯\ÖÇÄÜ³µ\µÚÊ®½ì\±¾³µ³ÌÐò\1029µ÷ÊÔ°æ\Delay\Delay.c
      1          #include "AllHeaders.h"
      2          
      3          //----------------------------------------------------------------------
      4          //º¯ Êý Ãû:ÑÓÊ±º¯Êý delay(), DelayMs()                                                     
      5          //¹¦    ÄÜ:ÑÓÊ±º¯Êý                                                              
      6          //·µ    »Ø:ÎÞ                                                                                       
      7          //----------------------------------------------------------------------

   \                                 In section .text, align 4, keep-with-next
      8           void Integration_delay()
      9          {
     10            unsigned int i;
     11            for(i=0;i<2;i++)
     12            {
     13              asm("nop");
   \                     Integration_delay:
   \   00000000   0xBF00             nop              
   \   00000002   0xBF00             nop              
     14            }
     15          
     16          }
   \   00000004   0x4770             BX       LR               ;; return

   \                                 In section .text, align 4, keep-with-next
     17          void delay()
     18          {
     19            unsigned int i;
     20            for(i=0;i<2;i++)
     21            {
     22              asm("nop");
   \                     delay:
   \   00000000   0xBF00             nop              
   \   00000002   0xBF00             nop              
     23            }
     24          }
   \   00000004   0x4770             BX       LR               ;; return
     25          
     26          /******************************
     27          º¯ÊýÃû£ºDelay_us()
     28          ×÷ÓÃ  £ºÓÃÓÚ¼òµ¥µÄÑÓÊ±
     29          ±¸×¢  £º
     30          ******************************/

   \                                 In section .text, align 2, keep-with-next
     31          void Delay_us(unsigned int t) 
     32          {
   \                     Delay_us:
   \   00000000   0xB108             CBZ.N    R0,??Delay_us_0
   \                     ??Delay_us_1:
   \   00000002   0x1E40             SUBS     R0,R0,#+1
     33           while(t--);   
   \   00000004   0xD1FD             BNE.N    ??Delay_us_1
     34          }
   \                     ??Delay_us_0:
   \   00000006   0x4770             BX       LR               ;; return
     35          

   \                                 In section .text, align 2, keep-with-next
     36          void delay_ms(unsigned int delay_time) 
     37          {
     38            unsigned int i,delay_temp;
     39            for(i=0;i<delay_time;i++) 
     40            {
     41              for(delay_temp=0;delay_temp<10000;delay_temp++);  
     42            }
     43          }
   \                     delay_ms:
   \   00000000   0x4770             BX       LR               ;; return
     44          

   \                                 In section .text, align 2, keep-with-next
     45          void Delay1(int16u_t Delay1)
     46          {
     47             int16u_t i;
     48             for(i=0;i<Delay1;i++)
     49             {
     50             }
     51          }
   \                     Delay1:
   \   00000000   0x4770             BX       LR               ;; return
     52          

   Maximum stack usage in bytes:

   .cstack Function
   ------- --------
        0  Delay1
        0  Delay_us
        0  Integration_delay
        0  delay
        0  delay_ms


   Section sizes:

   Bytes  Function/Label
   -----  --------------
       2  Delay1
       8  Delay_us
       6  Integration_delay
       6  delay
       2  delay_ms

 
 24 bytes in section .text
 
 24 bytes of CODE memory

Errors: none
Warnings: none
