###############################################################################
#                                                                             #
#                                                       29/Oct/2014  23:39:50 #
# IAR ANSI C/C++ Compiler V6.30.6.23336/W32 EVALUATION for ARM                #
# Copyright 1999-2012 IAR Systems AB.                                         #
#                                                                             #
#    Cpu mode     =  thumb                                                    #
#    Endian       =  little                                                   #
#    Source file  =  E:\´´ÐÂ»î¶¯\ÖÇÄÜ³µ\µÚÊ®½ì\±¾³µ³ÌÐò\1029µ÷ÊÔ°æ\Make_Desic #
#                    ion\Motor_Decision.c                                     #
#    Command line =  E:\´´ÐÂ»î¶¯\ÖÇÄÜ³µ\µÚÊ®½ì\±¾³µ³ÌÐò\1029µ÷ÊÔ°æ\Make_Desic #
#                    ion\Motor_Decision.c -D IAR -lCN                         #
#                    E:\´´ÐÂ»î¶¯\ÖÇÄÜ³µ\µÚÊ®½ì\±¾³µ³ÌÐò\1029µ÷ÊÔ°æ\RAM_128K\L #
#                    ist\ -lB E:\´´ÐÂ»î¶¯\ÖÇÄÜ³µ\µÚÊ®½ì\±¾³µ³ÌÐò\1029µ÷ÊÔ°æ\R #
#                    AM_128K\List\ -o E:\´´ÐÂ»î¶¯\ÖÇÄÜ³µ\µÚÊ®½ì\±¾³µ³ÌÐò\1029 #
#                    µ÷ÊÔ°æ\RAM_128K\Obj\ --debug --endian=little             #
#                    --cpu=Cortex-M4 -e --fpu=None --dlib_config "C:\Program  #
#                    Files\IAR Systems\Embedded Workbench 6.0                 #
#                    Evaluation\arm\INC\c\DLib_Config_Normal.h" -I            #
#                    E:\´´ÐÂ»î¶¯\ÖÇÄÜ³µ\µÚÊ®½ì\±¾³µ³ÌÐò\1029µ÷ÊÔ°æ\Library\CP #
#                    U\ -I E:\´´ÐÂ»î¶¯\ÖÇÄÜ³µ\µÚÊ®½ì\±¾³µ³ÌÐò\1029µ÷ÊÔ°æ\Libr #
#                    ary\Drivers\ADC\ -I E:\´´ÐÂ»î¶¯\ÖÇÄÜ³µ\µÚÊ®½ì\±¾³µ³ÌÐò\1 #
#                    029µ÷ÊÔ°æ\Library\Drivers\FTM\ -I                        #
#                    E:\´´ÐÂ»î¶¯\ÖÇÄÜ³µ\µÚÊ®½ì\±¾³µ³ÌÐò\1029µ÷ÊÔ°æ\Library\Dr #
#                    ivers\GPIO\ -I E:\´´ÐÂ»î¶¯\ÖÇÄÜ³µ\µÚÊ®½ì\±¾³µ³ÌÐò\1029µ÷ #
#                    ÊÔ°æ\Library\Drivers\PIT\ -I                             #
#                    E:\´´ÐÂ»î¶¯\ÖÇÄÜ³µ\µÚÊ®½ì\±¾³µ³ÌÐò\1029µ÷ÊÔ°æ\System_Ini #
#                    t\ -I E:\´´ÐÂ»î¶¯\ÖÇÄÜ³µ\µÚÊ®½ì\±¾³µ³ÌÐò\1029µ÷ÊÔ°æ\Sour #
#                    ce\ -I E:\´´ÐÂ»î¶¯\ÖÇÄÜ³µ\µÚÊ®½ì\±¾³µ³ÌÐò\1029µ÷ÊÔ°æ\OLE #
#                    D\ -I E:\´´ÐÂ»î¶¯\ÖÇÄÜ³µ\µÚÊ®½ì\±¾³µ³ÌÐò\1029µ÷ÊÔ°æ\SD_S #
#                    ystem\ -I E:\´´ÐÂ»î¶¯\ÖÇÄÜ³µ\µÚÊ®½ì\±¾³µ³ÌÐò\1029µ÷ÊÔ°æ\ #
#                    Simple_AD\ -I E:\´´ÐÂ»î¶¯\ÖÇÄÜ³µ\µÚÊ®½ì\±¾³µ³ÌÐò\1029µ÷Ê #
#                    Ô°æ\Delay\ -I E:\´´ÐÂ»î¶¯\ÖÇÄÜ³µ\µÚÊ®½ì\±¾³µ³ÌÐò\1029µ÷Ê #
#                    Ô°æ\Make_Desicion\ -Oh                                   #
#    List file    =  E:\´´ÐÂ»î¶¯\ÖÇÄÜ³µ\µÚÊ®½ì\±¾³µ³ÌÐò\1029µ÷ÊÔ°æ\RAM_128K\L #
#                    ist\Motor_Decision.lst                                   #
#    Object file  =  E:\´´ÐÂ»î¶¯\ÖÇÄÜ³µ\µÚÊ®½ì\±¾³µ³ÌÐò\1029µ÷ÊÔ°æ\RAM_128K\O #
#                    bj\Motor_Decision.o                                      #
#                                                                             #
#                                                                             #
###############################################################################



 

 


Errors: none
Warnings: none
