###############################################################################
#                                                                             #
#                                                       14/Oct/2013  11:36:22 #
# IAR ANSI C/C++ Compiler V6.30.6.23336/W32 EVALUATION for ARM                #
# Copyright 1999-2012 IAR Systems AB.                                         #
#                                                                             #
#    Cpu mode     =  thumb                                                    #
#    Endian       =  little                                                   #
#    Source file  =  C:\Users\qlalxx\Desktop\fighting\MyFunction\Parameter_Ad #
#                    just.c                                                   #
#    Command line =  C:\Users\qlalxx\Desktop\fighting\MyFunction\Parameter_Ad #
#                    just.c -D IAR -lCN C:\Users\qlalxx\Desktop\fighting\Flas #
#                    h_512K\List\ -lB C:\Users\qlalxx\Desktop\fighting\Flash_ #
#                    512K\List\ -o C:\Users\qlalxx\Desktop\fighting\Flash_512 #
#                    K\Obj\ --no_cse --no_unroll --no_inline                  #
#                    --no_code_motion --no_tbaa --no_clustering               #
#                    --no_scheduling --debug --endian=little --cpu=Cortex-M4  #
#                    -e --fpu=None --dlib_config "C:\Program Files\IAR        #
#                    Systems\Embedded Workbench 6.0                           #
#                    Evaluation\arm\INC\c\DLib_Config_Normal.h" -I            #
#                    C:\Users\qlalxx\Desktop\fighting\Library\CPU\ -I         #
#                    C:\Users\qlalxx\Desktop\fighting\Library\Drivers\ADC\    #
#                    -I C:\Users\qlalxx\Desktop\fighting\Library\Drivers\FTM\ #
#                     -I C:\Users\qlalxx\Desktop\fighting\Library\Drivers\GPI #
#                    O\ -I C:\Users\qlalxx\Desktop\fighting\Library\Drivers\P #
#                    IT\ -I C:\Users\qlalxx\Desktop\fighting\MyFunction\ -I   #
#                    C:\Users\qlalxx\Desktop\fighting\SD_System\ -Ol          #
#    List file    =  C:\Users\qlalxx\Desktop\fighting\Flash_512K\List\Paramet #
#                    er_Adjust.lst                                            #
#    Object file  =  C:\Users\qlalxx\Desktop\fighting\Flash_512K\Obj\Paramete #
#                    r_Adjust.o                                               #
#                                                                             #
#                                                                             #
###############################################################################

C:\Users\qlalxx\Desktop\fighting\MyFunction\Parameter_Adjust.c
      1          #include "AllHeaders.h"
      2          
      3          int16s_t ObjectSpeed_Out=0;  
      4          int16s_t Stop_Speed=0;               //延时启动速度变量
      5          int16s_t Start_Speed=0;              //启动初始速度
      6          int16s_t Final_Speed=0;              //最终速度
      7          
      8          void Speed_Decide(void)              //由拨码进行速度决策
      9          {
     10             if(increment==0&&increment1==0)
     11             {
     12             Start_Speed=Stop_Speed;
     13             Final_Speed=Start_Speed;
     14             }
     15             else
     16             {
     17              Start_Speed=Stop_Speed+increment-Base_Value;
     18              Final_Speed=Start_Speed+increment1;
     19             
     20             }
     21          
     22          }

Errors: 2
Warnings: none
